Archive member included to satisfy reference by file (symbol)

/opt/ST/STM32CubeCLT_1.18.0/GNU-tools-for-STM32/bin/../lib/gcc/arm-none-eabi/13.3.1/../../../../arm-none-eabi/lib/thumb/v7-m/nofp/libg_nano.a(libc_a-exit.o)
                              /opt/ST/STM32CubeCLT_1.18.0/GNU-tools-for-STM32/bin/../lib/gcc/arm-none-eabi/13.3.1/../../../../arm-none-eabi/lib/thumb/v7-m/nofp/crt0.o (exit)
/opt/ST/STM32CubeCLT_1.18.0/GNU-tools-for-STM32/bin/../lib/gcc/arm-none-eabi/13.3.1/../../../../arm-none-eabi/lib/thumb/v7-m/nofp/libg_nano.a(libc_a-findfp.o)
                              /opt/ST/STM32CubeCLT_1.18.0/GNU-tools-for-STM32/bin/../lib/gcc/arm-none-eabi/13.3.1/../../../../arm-none-eabi/lib/thumb/v7-m/nofp/libg_nano.a(libc_a-exit.o) (__stdio_exit_handler)
/opt/ST/STM32CubeCLT_1.18.0/GNU-tools-for-STM32/bin/../lib/gcc/arm-none-eabi/13.3.1/../../../../arm-none-eabi/lib/thumb/v7-m/nofp/libg_nano.a(libc_a-fwalk.o)
                              /opt/ST/STM32CubeCLT_1.18.0/GNU-tools-for-STM32/bin/../lib/gcc/arm-none-eabi/13.3.1/../../../../arm-none-eabi/lib/thumb/v7-m/nofp/libg_nano.a(libc_a-findfp.o) (_fwalk_sglue)
/opt/ST/STM32CubeCLT_1.18.0/GNU-tools-for-STM32/bin/../lib/gcc/arm-none-eabi/13.3.1/../../../../arm-none-eabi/lib/thumb/v7-m/nofp/libg_nano.a(libc_a-memset.o)
                              /opt/ST/STM32CubeCLT_1.18.0/GNU-tools-for-STM32/bin/../lib/gcc/arm-none-eabi/13.3.1/../../../../arm-none-eabi/lib/thumb/v7-m/nofp/crt0.o (memset)
/opt/ST/STM32CubeCLT_1.18.0/GNU-tools-for-STM32/bin/../lib/gcc/arm-none-eabi/13.3.1/../../../../arm-none-eabi/lib/thumb/v7-m/nofp/libg_nano.a(libc_a-errno.o)
                              CMakeFiles/stm32f103xx-interrupt-button-led.dir/Src/sysmem.c.obj (__errno)
/opt/ST/STM32CubeCLT_1.18.0/GNU-tools-for-STM32/bin/../lib/gcc/arm-none-eabi/13.3.1/../../../../arm-none-eabi/lib/thumb/v7-m/nofp/libg_nano.a(libc_a-init.o)
                              /opt/ST/STM32CubeCLT_1.18.0/GNU-tools-for-STM32/bin/../lib/gcc/arm-none-eabi/13.3.1/../../../../arm-none-eabi/lib/thumb/v7-m/nofp/crt0.o (__libc_init_array)
/opt/ST/STM32CubeCLT_1.18.0/GNU-tools-for-STM32/bin/../lib/gcc/arm-none-eabi/13.3.1/../../../../arm-none-eabi/lib/thumb/v7-m/nofp/libg_nano.a(libc_a-lock.o)
                              /opt/ST/STM32CubeCLT_1.18.0/GNU-tools-for-STM32/bin/../lib/gcc/arm-none-eabi/13.3.1/../../../../arm-none-eabi/lib/thumb/v7-m/nofp/libg_nano.a(libc_a-findfp.o) (__retarget_lock_init_recursive)
/opt/ST/STM32CubeCLT_1.18.0/GNU-tools-for-STM32/bin/../lib/gcc/arm-none-eabi/13.3.1/../../../../arm-none-eabi/lib/thumb/v7-m/nofp/libg_nano.a(libc_a-impure.o)
                              /opt/ST/STM32CubeCLT_1.18.0/GNU-tools-for-STM32/bin/../lib/gcc/arm-none-eabi/13.3.1/../../../../arm-none-eabi/lib/thumb/v7-m/nofp/libg_nano.a(libc_a-errno.o) (_impure_ptr)
/opt/ST/STM32CubeCLT_1.18.0/GNU-tools-for-STM32/bin/../lib/gcc/arm-none-eabi/13.3.1/../../../../arm-none-eabi/lib/thumb/v7-m/nofp/libg_nano.a(libc_a-mallocr.o)
                              /opt/ST/STM32CubeCLT_1.18.0/GNU-tools-for-STM32/bin/../lib/gcc/arm-none-eabi/13.3.1/../../../../arm-none-eabi/lib/thumb/v7-m/nofp/libg_nano.a(libc_a-findfp.o) (_malloc_r)
/opt/ST/STM32CubeCLT_1.18.0/GNU-tools-for-STM32/bin/../lib/gcc/arm-none-eabi/13.3.1/../../../../arm-none-eabi/lib/thumb/v7-m/nofp/libg_nano.a(libc_a-fflush.o)
                              /opt/ST/STM32CubeCLT_1.18.0/GNU-tools-for-STM32/bin/../lib/gcc/arm-none-eabi/13.3.1/../../../../arm-none-eabi/lib/thumb/v7-m/nofp/libg_nano.a(libc_a-findfp.o) (_fflush_r)
/opt/ST/STM32CubeCLT_1.18.0/GNU-tools-for-STM32/bin/../lib/gcc/arm-none-eabi/13.3.1/../../../../arm-none-eabi/lib/thumb/v7-m/nofp/libg_nano.a(libc_a-mlock.o)
                              /opt/ST/STM32CubeCLT_1.18.0/GNU-tools-for-STM32/bin/../lib/gcc/arm-none-eabi/13.3.1/../../../../arm-none-eabi/lib/thumb/v7-m/nofp/libg_nano.a(libc_a-mallocr.o) (__malloc_lock)
/opt/ST/STM32CubeCLT_1.18.0/GNU-tools-for-STM32/bin/../lib/gcc/arm-none-eabi/13.3.1/../../../../arm-none-eabi/lib/thumb/v7-m/nofp/libg_nano.a(libc_a-stdio.o)
                              /opt/ST/STM32CubeCLT_1.18.0/GNU-tools-for-STM32/bin/../lib/gcc/arm-none-eabi/13.3.1/../../../../arm-none-eabi/lib/thumb/v7-m/nofp/libg_nano.a(libc_a-findfp.o) (__sread)
/opt/ST/STM32CubeCLT_1.18.0/GNU-tools-for-STM32/bin/../lib/gcc/arm-none-eabi/13.3.1/../../../../arm-none-eabi/lib/thumb/v7-m/nofp/libg_nano.a(libc_a-lseekr.o)
                              /opt/ST/STM32CubeCLT_1.18.0/GNU-tools-for-STM32/bin/../lib/gcc/arm-none-eabi/13.3.1/../../../../arm-none-eabi/lib/thumb/v7-m/nofp/libg_nano.a(libc_a-stdio.o) (_lseek_r)
/opt/ST/STM32CubeCLT_1.18.0/GNU-tools-for-STM32/bin/../lib/gcc/arm-none-eabi/13.3.1/../../../../arm-none-eabi/lib/thumb/v7-m/nofp/libg_nano.a(libc_a-readr.o)
                              /opt/ST/STM32CubeCLT_1.18.0/GNU-tools-for-STM32/bin/../lib/gcc/arm-none-eabi/13.3.1/../../../../arm-none-eabi/lib/thumb/v7-m/nofp/libg_nano.a(libc_a-stdio.o) (_read_r)
[...]
Memory Configuration

Name             Origin             Length             Attributes
RAM              0x20000000         0x00005000         xrw
FLASH            0x08000000         0x00010000         xr
*default*        0x00000000         0xffffffff

Linker script and memory map

LOAD /opt/ST/STM32CubeCLT_1.18.0/GNU-tools-for-STM32/bin/../lib/gcc/arm-none-eabi/13.3.1/thumb/v7-m/nofp/crti.o
LOAD /opt/ST/STM32CubeCLT_1.18.0/GNU-tools-for-STM32/bin/../lib/gcc/arm-none-eabi/13.3.1/thumb/v7-m/nofp/crtbegin.o
LOAD /opt/ST/STM32CubeCLT_1.18.0/GNU-tools-for-STM32/bin/../lib/gcc/arm-none-eabi/13.3.1/../../../../arm-none-eabi/lib/thumb/v7-m/nofp/crt0.o
LOAD cmake/stm32cubemx/CMakeFiles/STM32_Drivers.dir/__/__/Src/system_stm32f1xx.c.obj
LOAD cmake/stm32cubemx/CMakeFiles/STM32_Drivers.dir/__/__/Drivers/STM32F1xx_HAL_Driver/Src/stm32f1xx_hal_gpio_ex.c.obj
LOAD cmake/stm32cubemx/CMakeFiles/STM32_Drivers.dir/__/__/Drivers/STM32F1xx_HAL_Driver/Src/stm32f1xx_hal.c.obj
LOAD cmake/stm32cubemx/CMakeFiles/STM32_Drivers.dir/__/__/Drivers/STM32F1xx_HAL_Driver/Src/stm32f1xx_hal_rcc.c.obj
LOAD cmake/stm32cubemx/CMakeFiles/STM32_Drivers.dir/__/__/Drivers/STM32F1xx_HAL_Driver/Src/stm32f1xx_hal_rcc_ex.c.obj
LOAD cmake/stm32cubemx/CMakeFiles/STM32_Drivers.dir/__/__/Drivers/STM32F1xx_HAL_Driver/Src/stm32f1xx_hal_gpio.c.obj
LOAD cmake/stm32cubemx/CMakeFiles/STM32_Drivers.dir/__/__/Drivers/STM32F1xx_HAL_Driver/Src/stm32f1xx_hal_dma.c.obj
LOAD cmake/stm32cubemx/CMakeFiles/STM32_Drivers.dir/__/__/Drivers/STM32F1xx_HAL_Driver/Src/stm32f1xx_hal_cortex.c.obj
LOAD cmake/stm32cubemx/CMakeFiles/STM32_Drivers.dir/__/__/Drivers/STM32F1xx_HAL_Driver/Src/stm32f1xx_hal_pwr.c.obj
LOAD cmake/stm32cubemx/CMakeFiles/STM32_Drivers.dir/__/__/Drivers/STM32F1xx_HAL_Driver/Src/stm32f1xx_hal_flash.c.obj
LOAD cmake/stm32cubemx/CMakeFiles/STM32_Drivers.dir/__/__/Drivers/STM32F1xx_HAL_Driver/Src/stm32f1xx_hal_flash_ex.c.obj
LOAD cmake/stm32cubemx/CMakeFiles/STM32_Drivers.dir/__/__/Drivers/STM32F1xx_HAL_Driver/Src/stm32f1xx_hal_exti.c.obj
LOAD CMakeFiles/stm32f103xx-interrupt-button-led.dir/Src/main.c.obj
LOAD CMakeFiles/stm32f103xx-interrupt-button-led.dir/Src/stm32f1xx_it.c.obj
LOAD CMakeFiles/stm32f103xx-interrupt-button-led.dir/Src/stm32f1xx_hal_msp.c.obj
LOAD CMakeFiles/stm32f103xx-interrupt-button-led.dir/Src/sysmem.c.obj
LOAD CMakeFiles/stm32f103xx-interrupt-button-led.dir/Src/syscalls.c.obj
LOAD CMakeFiles/stm32f103xx-interrupt-button-led.dir/startup_stm32f103xb.s.obj
LOAD /opt/ST/STM32CubeCLT_1.18.0/GNU-tools-for-STM32/bin/../lib/gcc/arm-none-eabi/13.3.1/../../../../arm-none-eabi/lib/thumb/v7-m/nofp/libm.a
START GROUP
LOAD /opt/ST/STM32CubeCLT_1.18.0/GNU-tools-for-STM32/bin/../lib/gcc/arm-none-eabi/13.3.1/thumb/v7-m/nofp/libgcc.a
LOAD /opt/ST/STM32CubeCLT_1.18.0/GNU-tools-for-STM32/bin/../lib/gcc/arm-none-eabi/13.3.1/../../../../arm-none-eabi/lib/thumb/v7-m/nofp/libg_nano.a
LOAD /opt/ST/STM32CubeCLT_1.18.0/GNU-tools-for-STM32/bin/../lib/gcc/arm-none-eabi/13.3.1/../../../../arm-none-eabi/lib/thumb/v7-m/nofp/libc_nano.a
END GROUP
START GROUP
LOAD /opt/ST/STM32CubeCLT_1.18.0/GNU-tools-for-STM32/bin/../lib/gcc/arm-none-eabi/13.3.1/thumb/v7-m/nofp/libgcc.a
LOAD /opt/ST/STM32CubeCLT_1.18.0/GNU-tools-for-STM32/bin/../lib/gcc/arm-none-eabi/13.3.1/../../../../arm-none-eabi/lib/thumb/v7-m/nofp/libc_nano.a
END GROUP
LOAD /opt/ST/STM32CubeCLT_1.18.0/GNU-tools-for-STM32/bin/../lib/gcc/arm-none-eabi/13.3.1/thumb/v7-m/nofp/crtend.o
LOAD /opt/ST/STM32CubeCLT_1.18.0/GNU-tools-for-STM32/bin/../lib/gcc/arm-none-eabi/13.3.1/thumb/v7-m/nofp/crtn.o
                0x20005000                        _estack = (ORIGIN (RAM) + LENGTH (RAM))
                0x00000200                        _Min_Heap_Size = 0x200
                0x00000400                        _Min_Stack_Size = 0x400

.isr_vector     0x08000000      0x10c
                0x08000000                        . = ALIGN (0x4)
 *(.isr_vector)
 .isr_vector    0x08000000      0x10c CMakeFiles/stm32f103xx-interrupt-button-led.dir/startup_stm32f103xb.s.obj
                0x08000000                g_pfnVectors
                0x0800010c                        . = ALIGN (0x4)

.text           0x0800010c     0x11c8
                0x0800010c                        . = ALIGN (0x4)
 *(.text)
 .text          0x0800010c       0x40 /opt/ST/STM32CubeCLT_1.18.0/GNU-tools-for-STM32/bin/../lib/gcc/arm-none-eabi/13.3.1/thumb/v7-m/nofp/crtbegin.o
 *(.text*)
 .text.SystemInit
                0x0800014c        0xc cmake/stm32cubemx/CMakeFiles/STM32_Drivers.dir/__/__/Src/system_stm32f1xx.c.obj
                0x0800014c                SystemInit
 .text.HAL_Init
                0x08000158       0x2c cmake/stm32cubemx/CMakeFiles/STM32_Drivers.dir/__/__/Drivers/STM32F1xx_HAL_Driver/Src/stm32f1xx_hal.c.obj
                0x08000158                HAL_Init
 .text.HAL_InitTick
                0x08000184       0x60 cmake/stm32cubemx/CMakeFiles/STM32_Drivers.dir/__/__/Drivers/STM32F1xx_HAL_Driver/Src/stm32f1xx_hal.c.obj
                0x08000184                HAL_InitTick
 .text.HAL_IncTick
                0x080001e4       0x24 cmake/stm32cubemx/CMakeFiles/STM32_Drivers.dir/__/__/Drivers/STM32F1xx_HAL_Driver/Src/stm32f1xx_hal.c.obj
                0x080001e4                HAL_IncTick
 .text.HAL_GetTick
                0x08000208       0x14 cmake/stm32cubemx/CMakeFiles/STM32_Drivers.dir/__/__/Drivers/STM32F1xx_HAL_Driver/Src/stm32f1xx_hal.c.obj
                0x08000208                HAL_GetTick
 .text.HAL_RCC_OscConfig
                0x0800021c      0x504 cmake/stm32cubemx/CMakeFiles/STM32_Drivers.dir/__/__/Drivers/STM32F1xx_HAL_Driver/Src/stm32f1xx_hal_rcc.c.obj
                0x0800021c                HAL_RCC_OscConfig
 .text.HAL_RCC_ClockConfig
                0x08000720      0x1d4 cmake/stm32cubemx/CMakeFiles/STM32_Drivers.dir/__/__/Drivers/STM32F1xx_HAL_Driver/Src/stm32f1xx_hal_rcc.c.obj
                0x08000720                HAL_RCC_ClockConfig
 .text.HAL_RCC_GetSysClockFreq
                0x080008f4       0xa8 cmake/stm32cubemx/CMakeFiles/STM32_Drivers.dir/__/__/Drivers/STM32F1xx_HAL_Driver/Src/stm32f1xx_hal_rcc.c.obj
                0x080008f4                HAL_RCC_GetSysClockFreq
 .text.RCC_Delay
                0x0800099c       0x3c cmake/stm32cubemx/CMakeFiles/STM32_Drivers.dir/__/__/Drivers/STM32F1xx_HAL_Driver/Src/stm32f1xx_hal_rcc.c.obj
 .text.HAL_GPIO_Init
                0x080009d8      0x308 cmake/stm32cubemx/CMakeFiles/STM32_Drivers.dir/__/__/Drivers/STM32F1xx_HAL_Driver/Src/stm32f1xx_hal_gpio.c.obj
                0x080009d8                HAL_GPIO_Init
 .text.HAL_GPIO_ReadPin
                0x08000ce0       0x2e cmake/stm32cubemx/CMakeFiles/STM32_Drivers.dir/__/__/Drivers/STM32F1xx_HAL_Driver/Src/stm32f1xx_hal_gpio.c.obj
                0x08000ce0                HAL_GPIO_ReadPin
 .text.HAL_GPIO_WritePin
                0x08000d0e       0x30 cmake/stm32cubemx/CMakeFiles/STM32_Drivers.dir/__/__/Drivers/STM32F1xx_HAL_Driver/Src/stm32f1xx_hal_gpio.c.obj
                0x08000d0e                HAL_GPIO_WritePin
 *fill*         0x08000d3e        0x2 
 .text.HAL_GPIO_EXTI_IRQHandler
                0x08000d40       0x30 cmake/stm32cubemx/CMakeFiles/STM32_Drivers.dir/__/__/Drivers/STM32F1xx_HAL_Driver/Src/stm32f1xx_hal_gpio.c.obj
                0x08000d40                HAL_GPIO_EXTI_IRQHandler
 .text.__NVIC_SetPriorityGrouping
                0x08000d70       0x48 cmake/stm32cubemx/CMakeFiles/STM32_Drivers.dir/__/__/Drivers/STM32F1xx_HAL_Driver/Src/stm32f1xx_hal_cortex.c.obj
 .text.__NVIC_GetPriorityGrouping
                0x08000db8       0x1c cmake/stm32cubemx/CMakeFiles/STM32_Drivers.dir/__/__/Drivers/STM32F1xx_HAL_Driver/Src/stm32f1xx_hal_cortex.c.obj
 .text.__NVIC_EnableIRQ
                0x08000dd4       0x38 cmake/stm32cubemx/CMakeFiles/STM32_Drivers.dir/__/__/Drivers/STM32F1xx_HAL_Driver/Src/stm32f1xx_hal_cortex.c.obj
 .text.__NVIC_SetPriority
                0x08000e0c       0x54 cmake/stm32cubemx/CMakeFiles/STM32_Drivers.dir/__/__/Drivers/STM32F1xx_HAL_Driver/Src/stm32f1xx_hal_cortex.c.obj
 .text.NVIC_EncodePriority
                0x08000e60       0x64 cmake/stm32cubemx/CMakeFiles/STM32_Drivers.dir/__/__/Drivers/STM32F1xx_HAL_Driver/Src/stm32f1xx_hal_cortex.c.obj
 .text.SysTick_Config
                0x08000ec4       0x44 cmake/stm32cubemx/CMakeFiles/STM32_Drivers.dir/__/__/Drivers/STM32F1xx_HAL_Driver/Src/stm32f1xx_hal_cortex.c.obj
 .text.HAL_NVIC_SetPriorityGrouping
                0x08000f08       0x16 cmake/stm32cubemx/CMakeFiles/STM32_Drivers.dir/__/__/Drivers/STM32F1xx_HAL_Driver/Src/stm32f1xx_hal_cortex.c.obj
                0x08000f08                HAL_NVIC_SetPriorityGrouping
 .text.HAL_NVIC_SetPriority
                0x08000f1e       0x38 cmake/stm32cubemx/CMakeFiles/STM32_Drivers.dir/__/__/Drivers/STM32F1xx_HAL_Driver/Src/stm32f1xx_hal_cortex.c.obj
                0x08000f1e                HAL_NVIC_SetPriority
 .text.HAL_NVIC_EnableIRQ
                0x08000f56       0x1c cmake/stm32cubemx/CMakeFiles/STM32_Drivers.dir/__/__/Drivers/STM32F1xx_HAL_Driver/Src/stm32f1xx_hal_cortex.c.obj
                0x08000f56                HAL_NVIC_EnableIRQ
 .text.HAL_SYSTICK_Config
                0x08000f72       0x18 cmake/stm32cubemx/CMakeFiles/STM32_Drivers.dir/__/__/Drivers/STM32F1xx_HAL_Driver/Src/stm32f1xx_hal_cortex.c.obj
                0x08000f72                HAL_SYSTICK_Config
 *fill*         0x08000f8a        0x2 
 .text.HAL_GPIO_EXTI_Callback
                0x08000f8c       0x44 CMakeFiles/stm32f103xx-interrupt-button-led.dir/Src/main.c.obj
                0x08000f8c                HAL_GPIO_EXTI_Callback
 .text.main     0x08000fd0       0x20 CMakeFiles/stm32f103xx-interrupt-button-led.dir/Src/main.c.obj
                0x08000fd0                main
 .text.SystemClock_Config
                0x08000ff0       0x8a CMakeFiles/stm32f103xx-interrupt-button-led.dir/Src/main.c.obj
                0x08000ff0                SystemClock_Config
 *fill*         0x0800107a        0x2 
 .text.MX_GPIO_Init
                0x0800107c       0xc4 CMakeFiles/stm32f103xx-interrupt-button-led.dir/Src/main.c.obj
 .text.Error_Handler
                0x08001140        0xc CMakeFiles/stm32f103xx-interrupt-button-led.dir/Src/main.c.obj
                0x08001140                Error_Handler
 .text.NMI_Handler
                0x0800114c        0x8 CMakeFiles/stm32f103xx-interrupt-button-led.dir/Src/stm32f1xx_it.c.obj
                0x0800114c                NMI_Handler
 .text.HardFault_Handler
                0x08001154        0x8 CMakeFiles/stm32f103xx-interrupt-button-led.dir/Src/stm32f1xx_it.c.obj
                0x08001154                HardFault_Handler
 .text.MemManage_Handler
                0x0800115c        0x8 CMakeFiles/stm32f103xx-interrupt-button-led.dir/Src/stm32f1xx_it.c.obj
                0x0800115c                MemManage_Handler
 .text.BusFault_Handler
                0x08001164        0x8 CMakeFiles/stm32f103xx-interrupt-button-led.dir/Src/stm32f1xx_it.c.obj
                0x08001164                BusFault_Handler
 .text.UsageFault_Handler
                0x0800116c        0x8 CMakeFiles/stm32f103xx-interrupt-button-led.dir/Src/stm32f1xx_it.c.obj
                0x0800116c                UsageFault_Handler
 .text.SVC_Handler
                0x08001174        0xc CMakeFiles/stm32f103xx-interrupt-button-led.dir/Src/stm32f1xx_it.c.obj
                0x08001174                SVC_Handler
 .text.DebugMon_Handler
                0x08001180        0xc CMakeFiles/stm32f103xx-interrupt-button-led.dir/Src/stm32f1xx_it.c.obj
                0x08001180                DebugMon_Handler
 .text.PendSV_Handler
                0x0800118c        0xc CMakeFiles/stm32f103xx-interrupt-button-led.dir/Src/stm32f1xx_it.c.obj
                0x0800118c                PendSV_Handler
 .text.SysTick_Handler
                0x08001198        0xc CMakeFiles/stm32f103xx-interrupt-button-led.dir/Src/stm32f1xx_it.c.obj
                0x08001198                SysTick_Handler
 .text.EXTI0_IRQHandler
                0x080011a4        0xe CMakeFiles/stm32f103xx-interrupt-button-led.dir/Src/stm32f1xx_it.c.obj
                0x080011a4                EXTI0_IRQHandler
 *fill*         0x080011b2        0x2 
 .text.HAL_MspInit
                0x080011b4       0x64 CMakeFiles/stm32f103xx-interrupt-button-led.dir/Src/stm32f1xx_hal_msp.c.obj
                0x080011b4                HAL_MspInit
 .text.Reset_Handler
                0x08001218       0x48 CMakeFiles/stm32f103xx-interrupt-button-led.dir/startup_stm32f103xb.s.obj
                0x08001218                Reset_Handler
 .text.Default_Handler
                0x08001260        0x2 CMakeFiles/stm32f103xx-interrupt-button-led.dir/startup_stm32f103xb.s.obj
                0x08001260                USBWakeUp_IRQHandler
                0x08001260                EXTI2_IRQHandler
                0x08001260                TIM1_CC_IRQHandler
                0x08001260                PVD_IRQHandler
                0x08001260                EXTI3_IRQHandler
                0x08001260                I2C2_EV_IRQHandler
                0x08001260                ADC1_2_IRQHandler
                0x08001260                SPI1_IRQHandler
                0x08001260                TAMPER_IRQHandler
                0x08001260                DMA1_Channel4_IRQHandler
                0x08001260                USART3_IRQHandler
                0x08001260                RTC_IRQHandler
                0x08001260                DMA1_Channel7_IRQHandler
                0x08001260                CAN1_RX1_IRQHandler
                0x08001260                TIM4_IRQHandler
                0x08001260                I2C1_EV_IRQHandler
                0x08001260                DMA1_Channel6_IRQHandler
                0x08001260                TIM3_IRQHandler
                0x08001260                RCC_IRQHandler
                0x08001260                TIM1_TRG_COM_IRQHandler
                0x08001260                DMA1_Channel1_IRQHandler
                0x08001260                Default_Handler
                0x08001260                EXTI15_10_IRQHandler
                0x08001260                EXTI9_5_IRQHandler
                0x08001260                SPI2_IRQHandler
                0x08001260                DMA1_Channel5_IRQHandler
                0x08001260                EXTI4_IRQHandler
                0x08001260                USB_LP_CAN1_RX0_IRQHandler
                0x08001260                USB_HP_CAN1_TX_IRQHandler
                0x08001260                DMA1_Channel3_IRQHandler
                0x08001260                TIM1_UP_IRQHandler
                0x08001260                WWDG_IRQHandler
                0x08001260                TIM2_IRQHandler
                0x08001260                TIM1_BRK_IRQHandler
                0x08001260                EXTI1_IRQHandler
                0x08001260                USART2_IRQHandler
                0x08001260                I2C2_ER_IRQHandler
                0x08001260                DMA1_Channel2_IRQHandler
                0x08001260                CAN1_SCE_IRQHandler
                0x08001260                FLASH_IRQHandler
                0x08001260                USART1_IRQHandler
                0x08001260                I2C1_ER_IRQHandler
                0x08001260                RTC_Alarm_IRQHandler
 .text.memset   0x08001262       0x10 /opt/ST/STM32CubeCLT_1.18.0/GNU-tools-for-STM32/bin/../lib/gcc/arm-none-eabi/13.3.1/../../../../arm-none-eabi/lib/thumb/v7-m/nofp/libg_nano.a(libc_a-memset.o)
                0x08001262                memset
 *fill*         0x08001272        0x2 
 .text.__libc_init_array
                0x08001274       0x48 /opt/ST/STM32CubeCLT_1.18.0/GNU-tools-for-STM32/bin/../lib/gcc/arm-none-eabi/13.3.1/../../../../arm-none-eabi/lib/thumb/v7-m/nofp/libg_nano.a(libc_a-init.o)
                0x08001274                __libc_init_array
 *(.glue_7)
 .glue_7        0x080012bc        0x0 linker stubs
 *(.glue_7t)
 .glue_7t       0x080012bc        0x0 linker stubs
 *(.eh_frame)
 .eh_frame      0x080012bc        0x0 /opt/ST/STM32CubeCLT_1.18.0/GNU-tools-for-STM32/bin/../lib/gcc/arm-none-eabi/13.3.1/thumb/v7-m/nofp/crtbegin.o
 *(.init)
 .init          0x080012bc        0x4 /opt/ST/STM32CubeCLT_1.18.0/GNU-tools-for-STM32/bin/../lib/gcc/arm-none-eabi/13.3.1/thumb/v7-m/nofp/crti.o
                0x080012bc                _init
 .init          0x080012c0        0x8 /opt/ST/STM32CubeCLT_1.18.0/GNU-tools-for-STM32/bin/../lib/gcc/arm-none-eabi/13.3.1/thumb/v7-m/nofp/crtn.o
 *(.fini)
 .fini          0x080012c8        0x4 /opt/ST/STM32CubeCLT_1.18.0/GNU-tools-for-STM32/bin/../lib/gcc/arm-none-eabi/13.3.1/thumb/v7-m/nofp/crti.o
                0x080012c8                _fini
 .fini          0x080012cc        0x8 /opt/ST/STM32CubeCLT_1.18.0/GNU-tools-for-STM32/bin/../lib/gcc/arm-none-eabi/13.3.1/thumb/v7-m/nofp/crtn.o
                0x080012d4                        . = ALIGN (0x4)
                0x080012d4                        _etext = .

.vfp11_veneer   0x080012d4        0x0
 .vfp11_veneer  0x080012d4        0x0 linker stubs

.v4_bx          0x080012d4        0x0
 .v4_bx         0x080012d4        0x0 linker stubs

.iplt           0x080012d4        0x0
 .iplt          0x080012d4        0x0 /opt/ST/STM32CubeCLT_1.18.0/GNU-tools-for-STM32/bin/../lib/gcc/arm-none-eabi/13.3.1/thumb/v7-m/nofp/crtbegin.o

.rodata         0x080012d4       0x24
                0x080012d4                        . = ALIGN (0x4)
 *(.rodata)
 *(.rodata*)
 .rodata.AHBPrescTable
                0x080012d4       0x10 cmake/stm32cubemx/CMakeFiles/STM32_Drivers.dir/__/__/Src/system_stm32f1xx.c.obj
                0x080012d4                AHBPrescTable
 .rodata.aPLLMULFactorTable.1
                0x080012e4       0x10 cmake/stm32cubemx/CMakeFiles/STM32_Drivers.dir/__/__/Drivers/STM32F1xx_HAL_Driver/Src/stm32f1xx_hal_rcc.c.obj
 .rodata.aPredivFactorTable.0
                0x080012f4        0x2 cmake/stm32cubemx/CMakeFiles/STM32_Drivers.dir/__/__/Drivers/STM32F1xx_HAL_Driver/Src/stm32f1xx_hal_rcc.c.obj
                0x080012f8                        . = ALIGN (0x4)
 *fill*         0x080012f6        0x2 

.ARM.extab      0x080012f8        0x0
                0x080012f8                        . = ALIGN (0x4)
 *(.ARM.extab* .gnu.linkonce.armextab.*)
                0x080012f8                        . = ALIGN (0x4)

.ARM            0x080012f8        0x0
                0x080012f8                        . = ALIGN (0x4)
                0x080012f8                        __exidx_start = .
 *(.ARM.exidx*)
                0x080012f8                        __exidx_end = .
                0x080012f8                        . = ALIGN (0x4)

.preinit_array  0x080012f8        0x0
                0x080012f8                        . = ALIGN (0x4)
                0x080012f8                        PROVIDE (__preinit_array_start = .)
 *(.preinit_array*)
                0x080012f8                        PROVIDE (__preinit_array_end = .)
                0x080012f8                        . = ALIGN (0x4)

.init_array     0x080012f8        0x4
                0x080012f8                        . = ALIGN (0x4)
                0x080012f8                        PROVIDE (__init_array_start = .)
 *(SORT_BY_NAME(.init_array.*))
 *(.init_array*)
 .init_array    0x080012f8        0x4 /opt/ST/STM32CubeCLT_1.18.0/GNU-tools-for-STM32/bin/../lib/gcc/arm-none-eabi/13.3.1/thumb/v7-m/nofp/crtbegin.o
                0x080012fc                        PROVIDE (__init_array_end = .)
                0x080012fc                        . = ALIGN (0x4)

.fini_array     0x080012fc        0x4
                0x080012fc                        . = ALIGN (0x4)
                [!provide]                        PROVIDE (__fini_array_start = .)
 *(SORT_BY_NAME(.fini_array.*))
 *(.fini_array*)
 .fini_array    0x080012fc        0x4 /opt/ST/STM32CubeCLT_1.18.0/GNU-tools-for-STM32/bin/../lib/gcc/arm-none-eabi/13.3.1/thumb/v7-m/nofp/crtbegin.o
                [!provide]                        PROVIDE (__fini_array_end = .)
                0x08001300                        . = ALIGN (0x4)
                0x08001300                        _sidata = LOADADDR (.data)

.rel.dyn        0x08001300        0x0
 .rel.iplt      0x08001300        0x0 /opt/ST/STM32CubeCLT_1.18.0/GNU-tools-for-STM32/bin/../lib/gcc/arm-none-eabi/13.3.1/thumb/v7-m/nofp/crtbegin.o

.data           0x20000000        0xc load address 0x08001300
                0x20000000                        . = ALIGN (0x4)
                0x20000000                        _sdata = .
 *(.data)
 *(.data*)
 .data.SystemCoreClock
                0x20000000        0x4 cmake/stm32cubemx/CMakeFiles/STM32_Drivers.dir/__/__/Src/system_stm32f1xx.c.obj
                0x20000000                SystemCoreClock
 .data.uwTickPrio
                0x20000004        0x4 cmake/stm32cubemx/CMakeFiles/STM32_Drivers.dir/__/__/Drivers/STM32F1xx_HAL_Driver/Src/stm32f1xx_hal.c.obj
                0x20000004                uwTickPrio
 .data.uwTickFreq
                0x20000008        0x1 cmake/stm32cubemx/CMakeFiles/STM32_Drivers.dir/__/__/Drivers/STM32F1xx_HAL_Driver/Src/stm32f1xx_hal.c.obj
                0x20000008                uwTickFreq
 *(.RamFunc)
 *(.RamFunc*)
                0x2000000c                        . = ALIGN (0x4)
 *fill*         0x20000009        0x3 

.igot.plt       0x2000000c        0x0 load address 0x0800130c
 .igot.plt      0x2000000c        0x0 /opt/ST/STM32CubeCLT_1.18.0/GNU-tools-for-STM32/bin/../lib/gcc/arm-none-eabi/13.3.1/thumb/v7-m/nofp/crtbegin.o

.tdata          0x2000000c        0x0 load address 0x0800130c
 *(.tdata .tdata.* .gnu.linkonce.td.*)
                0x2000000c                        . = ALIGN (0x4)
                0x2000000c                        _edata = .
                [!provide]                        PROVIDE (__data_end = .)
                [!provide]                        PROVIDE (__tdata_end = .)
                [!provide]                        PROVIDE (__tdata_start = ADDR (.tdata))
                [!provide]                        PROVIDE (__tdata_size = (__tdata_end - __tdata_start))
                [!provide]                        PROVIDE (__data_start = ADDR (.data))
                [!provide]                        PROVIDE (__data_size = (__data_end - __data_start))
                [!provide]                        PROVIDE (__tdata_source = LOADADDR (.tdata))
                [!provide]                        PROVIDE (__tdata_source_end = (LOADADDR (.tdata) + SIZEOF (.tdata)))
                [!provide]                        PROVIDE (__tdata_source_size = (__tdata_source_end - __tdata_source))
                [!provide]                        PROVIDE (__data_source = LOADADDR (.data))
                [!provide]                        PROVIDE (__data_source_end = __tdata_source_end)
                [!provide]                        PROVIDE (__data_source_size = (__data_source_end - __data_source))

.tbss           0x2000000c        0x0 load address 0x0800130c
                0x2000000c                        _sbss = .
                0x2000000c                        __bss_start__ = _sbss
 *(.tbss .tbss.*)
                0x2000000c                        . = ALIGN (0x4)
                [!provide]                        PROVIDE (__tbss_end = .)
                [!provide]                        PROVIDE (__tbss_start = ADDR (.tbss))
                [!provide]                        PROVIDE (__tbss_size = (__tbss_end - __tbss_start))
                [!provide]                        PROVIDE (__tbss_offset = (ADDR (.tbss) - ADDR (.tdata)))
                [!provide]                        PROVIDE (__tls_base = __tdata_start)
                [!provide]                        PROVIDE (__tls_end = __tbss_end)
                [!provide]                        PROVIDE (__tls_size = (__tls_end - __tls_base))
                [!provide]                        PROVIDE (__tls_align = MAX (ALIGNOF (.tdata), ALIGNOF (.tbss)))
                [!provide]                        PROVIDE (__tls_size_align = (((__tls_size + __tls_align) - 0x1) & ~ ((__tls_align - 0x1))))
                [!provide]                        PROVIDE (__arm32_tls_tcb_offset = MAX (0x8, __tls_align))
                [!provide]                        PROVIDE (__arm64_tls_tcb_offset = MAX (0x10, __tls_align))

.bss            0x2000000c       0x24 load address 0x0800130c
 *(.bss)
 .bss           0x2000000c       0x1c /opt/ST/STM32CubeCLT_1.18.0/GNU-tools-for-STM32/bin/../lib/gcc/arm-none-eabi/13.3.1/thumb/v7-m/nofp/crtbegin.o
 *(.bss*)
 .bss.uwTick    0x20000028        0x4 cmake/stm32cubemx/CMakeFiles/STM32_Drivers.dir/__/__/Drivers/STM32F1xx_HAL_Driver/Src/stm32f1xx_hal.c.obj
                0x20000028                uwTick
 .bss.counter   0x2000002c        0x4 CMakeFiles/stm32f103xx-interrupt-button-led.dir/Src/main.c.obj
                0x2000002c                counter
 *(COMMON)
                0x20000030                        . = ALIGN (0x4)
                0x20000030                        _ebss = .
                0x20000030                        __bss_end__ = _ebss
                [!provide]                        PROVIDE (__bss_end = .)
                [!provide]                        PROVIDE (__non_tls_bss_start = ADDR (.bss))
                [!provide]                        PROVIDE (__bss_start = __tbss_start)
                [!provide]                        PROVIDE (__bss_size = (__bss_end - __bss_start))

._user_heap_stack
                0x20000030      0x600 load address 0x0800130c
                0x20000030                        . = ALIGN (0x8)
                [!provide]                        PROVIDE (end = .)
                0x20000030                        PROVIDE (_end = .)
                0x20000230                        . = (. + _Min_Heap_Size)
 *fill*         0x20000030      0x200 
                0x20000630                        . = (. + _Min_Stack_Size)
 *fill*         0x20000230      0x400 
                0x20000630                        . = ALIGN (0x8)

/DISCARD/
 libc.a:*(*)
 libm.a:*(*)
 libgcc.a:*(*)
OUTPUT(stm32f103xx-interrupt-button-led.elf elf32-littlearm)
LOAD linker stubs

.ARM.attributes
                0x00000000       0x29
 .ARM.attributes
                0x00000000       0x1d /opt/ST/STM32CubeCLT_1.18.0/GNU-tools-for-STM32/bin/../lib/gcc/arm-none-eabi/13.3.1/thumb/v7-m/nofp/crti.o
 .ARM.attributes
                0x0000001d       0x2d /opt/ST/STM32CubeCLT_1.18.0/GNU-tools-for-STM32/bin/../lib/gcc/arm-none-eabi/13.3.1/thumb/v7-m/nofp/crtbegin.o
 .ARM.attributes
                0x0000004a       0x2d cmake/stm32cubemx/CMakeFiles/STM32_Drivers.dir/__/__/Src/system_stm32f1xx.c.obj
 .ARM.attributes
                0x00000077       0x2d cmake/stm32cubemx/CMakeFiles/STM32_Drivers.dir/__/__/Drivers/STM32F1xx_HAL_Driver/Src/stm32f1xx_hal.c.obj
 .ARM.attributes
                0x000000a4       0x2d cmake/stm32cubemx/CMakeFiles/STM32_Drivers.dir/__/__/Drivers/STM32F1xx_HAL_Driver/Src/stm32f1xx_hal_rcc.c.obj
 .ARM.attributes
                0x000000d1       0x2d cmake/stm32cubemx/CMakeFiles/STM32_Drivers.dir/__/__/Drivers/STM32F1xx_HAL_Driver/Src/stm32f1xx_hal_gpio.c.obj
 .ARM.attributes
                0x000000fe       0x2d cmake/stm32cubemx/CMakeFiles/STM32_Drivers.dir/__/__/Drivers/STM32F1xx_HAL_Driver/Src/stm32f1xx_hal_cortex.c.obj
 .ARM.attributes
                0x0000012b       0x2d CMakeFiles/stm32f103xx-interrupt-button-led.dir/Src/main.c.obj
 .ARM.attributes
                0x00000158       0x2d CMakeFiles/stm32f103xx-interrupt-button-led.dir/Src/stm32f1xx_it.c.obj
 .ARM.attributes
                0x00000185       0x2d CMakeFiles/stm32f103xx-interrupt-button-led.dir/Src/stm32f1xx_hal_msp.c.obj
 .ARM.attributes
                0x000001b2       0x21 CMakeFiles/stm32f103xx-interrupt-button-led.dir/startup_stm32f103xb.s.obj
 .ARM.attributes
                0x000001d3       0x2d /opt/ST/STM32CubeCLT_1.18.0/GNU-tools-for-STM32/bin/../lib/gcc/arm-none-eabi/13.3.1/../../../../arm-none-eabi/lib/thumb/v7-m/nofp/libg_nano.a(libc_a-memset.o)
 .ARM.attributes
                0x00000200       0x2d /opt/ST/STM32CubeCLT_1.18.0/GNU-tools-for-STM32/bin/../lib/gcc/arm-none-eabi/13.3.1/../../../../arm-none-eabi/lib/thumb/v7-m/nofp/libg_nano.a(libc_a-init.o)
 .ARM.attributes
                0x0000022d       0x1d /opt/ST/STM32CubeCLT_1.18.0/GNU-tools-for-STM32/bin/../lib/gcc/arm-none-eabi/13.3.1/thumb/v7-m/nofp/crtn.o

.comment        0x00000000       0x43
 .comment       0x00000000       0x43 cmake/stm32cubemx/CMakeFiles/STM32_Drivers.dir/__/__/Src/system_stm32f1xx.c.obj
                                 0x44 (size before relaxing)
 .comment       0x00000043       0x44 cmake/stm32cubemx/CMakeFiles/STM32_Drivers.dir/__/__/Drivers/STM32F1xx_HAL_Driver/Src/stm32f1xx_hal.c.obj
 .comment       0x00000043       0x44 cmake/stm32cubemx/CMakeFiles/STM32_Drivers.dir/__/__/Drivers/STM32F1xx_HAL_Driver/Src/stm32f1xx_hal_rcc.c.obj
 .comment       0x00000043       0x44 cmake/stm32cubemx/CMakeFiles/STM32_Drivers.dir/__/__/Drivers/STM32F1xx_HAL_Driver/Src/stm32f1xx_hal_gpio.c.obj
 .comment       0x00000043       0x44 cmake/stm32cubemx/CMakeFiles/STM32_Drivers.dir/__/__/Drivers/STM32F1xx_HAL_Driver/Src/stm32f1xx_hal_cortex.c.obj
 .comment       0x00000043       0x44 CMakeFiles/stm32f103xx-interrupt-button-led.dir/Src/main.c.obj
 .comment       0x00000043       0x44 CMakeFiles/stm32f103xx-interrupt-button-led.dir/Src/stm32f1xx_it.c.obj
 .comment       0x00000043       0x44 CMakeFiles/stm32f103xx-interrupt-button-led.dir/Src/stm32f1xx_hal_msp.c.obj
 .comment       0x00000043       0x44 /opt/ST/STM32CubeCLT_1.18.0/GNU-tools-for-STM32/bin/../lib/gcc/arm-none-eabi/13.3.1/../../../../arm-none-eabi/lib/thumb/v7-m/nofp/libg_nano.a(libc_a-memset.o)
 .comment       0x00000043       0x44 /opt/ST/STM32CubeCLT_1.18.0/GNU-tools-for-STM32/bin/../lib/gcc/arm-none-eabi/13.3.1/../../../../arm-none-eabi/lib/thumb/v7-m/nofp/libg_nano.a(libc_a-init.o)

.debug_info     0x00000000     0x2d03
 .debug_info    0x00000000      0x222 cmake/stm32cubemx/CMakeFiles/STM32_Drivers.dir/__/__/Src/system_stm32f1xx.c.obj
 .debug_info    0x00000222      0x704 cmake/stm32cubemx/CMakeFiles/STM32_Drivers.dir/__/__/Drivers/STM32F1xx_HAL_Driver/Src/stm32f1xx_hal.c.obj
 .debug_info    0x00000926      0x7d5 cmake/stm32cubemx/CMakeFiles/STM32_Drivers.dir/__/__/Drivers/STM32F1xx_HAL_Driver/Src/stm32f1xx_hal_rcc.c.obj
 .debug_info    0x000010fb      0x5ab cmake/stm32cubemx/CMakeFiles/STM32_Drivers.dir/__/__/Drivers/STM32F1xx_HAL_Driver/Src/stm32f1xx_hal_gpio.c.obj
 .debug_info    0x000016a6      0xa87 cmake/stm32cubemx/CMakeFiles/STM32_Drivers.dir/__/__/Drivers/STM32F1xx_HAL_Driver/Src/stm32f1xx_hal_cortex.c.obj
 .debug_info    0x0000212d      0x67f CMakeFiles/stm32f103xx-interrupt-button-led.dir/Src/main.c.obj
 .debug_info    0x000027ac      0x14b CMakeFiles/stm32f103xx-interrupt-button-led.dir/Src/stm32f1xx_it.c.obj
 .debug_info    0x000028f7      0x1f1 CMakeFiles/stm32f103xx-interrupt-button-led.dir/Src/stm32f1xx_hal_msp.c.obj
 .debug_info    0x00002ae8       0x30 CMakeFiles/stm32f103xx-interrupt-button-led.dir/startup_stm32f103xb.s.obj
 .debug_info    0x00002b18       0xe0 /opt/ST/STM32CubeCLT_1.18.0/GNU-tools-for-STM32/bin/../lib/gcc/arm-none-eabi/13.3.1/../../../../arm-none-eabi/lib/thumb/v7-m/nofp/libg_nano.a(libc_a-memset.o)
 .debug_info    0x00002bf8      0x10b /opt/ST/STM32CubeCLT_1.18.0/GNU-tools-for-STM32/bin/../lib/gcc/arm-none-eabi/13.3.1/../../../../arm-none-eabi/lib/thumb/v7-m/nofp/libg_nano.a(libc_a-init.o)

.debug_abbrev   0x00000000      0xff9
 .debug_abbrev  0x00000000      0x13f cmake/stm32cubemx/CMakeFiles/STM32_Drivers.dir/__/__/Src/system_stm32f1xx.c.obj
 .debug_abbrev  0x0000013f      0x201 cmake/stm32cubemx/CMakeFiles/STM32_Drivers.dir/__/__/Drivers/STM32F1xx_HAL_Driver/Src/stm32f1xx_hal.c.obj
 .debug_abbrev  0x00000340      0x2b3 cmake/stm32cubemx/CMakeFiles/STM32_Drivers.dir/__/__/Drivers/STM32F1xx_HAL_Driver/Src/stm32f1xx_hal_rcc.c.obj
 .debug_abbrev  0x000005f3      0x1ca cmake/stm32cubemx/CMakeFiles/STM32_Drivers.dir/__/__/Drivers/STM32F1xx_HAL_Driver/Src/stm32f1xx_hal_gpio.c.obj
 .debug_abbrev  0x000007bd      0x2f8 cmake/stm32cubemx/CMakeFiles/STM32_Drivers.dir/__/__/Drivers/STM32F1xx_HAL_Driver/Src/stm32f1xx_hal_cortex.c.obj
 .debug_abbrev  0x00000ab5      0x23e CMakeFiles/stm32f103xx-interrupt-button-led.dir/Src/main.c.obj
 .debug_abbrev  0x00000cf3       0xa0 CMakeFiles/stm32f103xx-interrupt-button-led.dir/Src/stm32f1xx_it.c.obj
 .debug_abbrev  0x00000d93       0xdb CMakeFiles/stm32f103xx-interrupt-button-led.dir/Src/stm32f1xx_hal_msp.c.obj
 .debug_abbrev  0x00000e6e       0x24 CMakeFiles/stm32f103xx-interrupt-button-led.dir/startup_stm32f103xb.s.obj
 .debug_abbrev  0x00000e92       0x9e /opt/ST/STM32CubeCLT_1.18.0/GNU-tools-for-STM32/bin/../lib/gcc/arm-none-eabi/13.3.1/../../../../arm-none-eabi/lib/thumb/v7-m/nofp/libg_nano.a(libc_a-memset.o)
 .debug_abbrev  0x00000f30       0xc9 /opt/ST/STM32CubeCLT_1.18.0/GNU-tools-for-STM32/bin/../lib/gcc/arm-none-eabi/13.3.1/../../../../arm-none-eabi/lib/thumb/v7-m/nofp/libg_nano.a(libc_a-init.o)

.debug_aranges  0x00000000      0x420
 .debug_aranges
                0x00000000       0x28 cmake/stm32cubemx/CMakeFiles/STM32_Drivers.dir/__/__/Src/system_stm32f1xx.c.obj
 .debug_aranges
                0x00000028       0xe0 cmake/stm32cubemx/CMakeFiles/STM32_Drivers.dir/__/__/Drivers/STM32F1xx_HAL_Driver/Src/stm32f1xx_hal.c.obj
 .debug_aranges
                0x00000108       0x90 cmake/stm32cubemx/CMakeFiles/STM32_Drivers.dir/__/__/Drivers/STM32F1xx_HAL_Driver/Src/stm32f1xx_hal_rcc.c.obj
 .debug_aranges
                0x00000198       0x58 cmake/stm32cubemx/CMakeFiles/STM32_Drivers.dir/__/__/Drivers/STM32F1xx_HAL_Driver/Src/stm32f1xx_hal_gpio.c.obj
 .debug_aranges
                0x000001f0      0x100 cmake/stm32cubemx/CMakeFiles/STM32_Drivers.dir/__/__/Drivers/STM32F1xx_HAL_Driver/Src/stm32f1xx_hal_cortex.c.obj
 .debug_aranges
                0x000002f0       0x40 CMakeFiles/stm32f103xx-interrupt-button-led.dir/Src/main.c.obj
 .debug_aranges
                0x00000330       0x68 CMakeFiles/stm32f103xx-interrupt-button-led.dir/Src/stm32f1xx_it.c.obj
 .debug_aranges
                0x00000398       0x20 CMakeFiles/stm32f103xx-interrupt-button-led.dir/Src/stm32f1xx_hal_msp.c.obj
 .debug_aranges
                0x000003b8       0x28 CMakeFiles/stm32f103xx-interrupt-button-led.dir/startup_stm32f103xb.s.obj
 .debug_aranges
                0x000003e0       0x20 /opt/ST/STM32CubeCLT_1.18.0/GNU-tools-for-STM32/bin/../lib/gcc/arm-none-eabi/13.3.1/../../../../arm-none-eabi/lib/thumb/v7-m/nofp/libg_nano.a(libc_a-memset.o)
 .debug_aranges
                0x00000400       0x20 /opt/ST/STM32CubeCLT_1.18.0/GNU-tools-for-STM32/bin/../lib/gcc/arm-none-eabi/13.3.1/../../../../arm-none-eabi/lib/thumb/v7-m/nofp/libg_nano.a(libc_a-init.o)

.debug_rnglists
                0x00000000      0x2eb
 .debug_rnglists
                0x00000000       0x1a cmake/stm32cubemx/CMakeFiles/STM32_Drivers.dir/__/__/Src/system_stm32f1xx.c.obj
 .debug_rnglists
                0x0000001a       0xa3 cmake/stm32cubemx/CMakeFiles/STM32_Drivers.dir/__/__/Drivers/STM32F1xx_HAL_Driver/Src/stm32f1xx_hal.c.obj
 .debug_rnglists
                0x000000bd       0x6c cmake/stm32cubemx/CMakeFiles/STM32_Drivers.dir/__/__/Drivers/STM32F1xx_HAL_Driver/Src/stm32f1xx_hal_rcc.c.obj
 .debug_rnglists
                0x00000129       0x3f cmake/stm32cubemx/CMakeFiles/STM32_Drivers.dir/__/__/Drivers/STM32F1xx_HAL_Driver/Src/stm32f1xx_hal_gpio.c.obj
 .debug_rnglists
                0x00000168       0xbb cmake/stm32cubemx/CMakeFiles/STM32_Drivers.dir/__/__/Drivers/STM32F1xx_HAL_Driver/Src/stm32f1xx_hal_cortex.c.obj
 .debug_rnglists
                0x00000223       0x2d CMakeFiles/stm32f103xx-interrupt-button-led.dir/Src/main.c.obj
 .debug_rnglists
                0x00000250       0x49 CMakeFiles/stm32f103xx-interrupt-button-led.dir/Src/stm32f1xx_it.c.obj
 .debug_rnglists
                0x00000299       0x13 CMakeFiles/stm32f103xx-interrupt-button-led.dir/Src/stm32f1xx_hal_msp.c.obj
 .debug_rnglists
                0x000002ac       0x19 CMakeFiles/stm32f103xx-interrupt-button-led.dir/startup_stm32f103xb.s.obj
 .debug_rnglists
                0x000002c5       0x13 /opt/ST/STM32CubeCLT_1.18.0/GNU-tools-for-STM32/bin/../lib/gcc/arm-none-eabi/13.3.1/../../../../arm-none-eabi/lib/thumb/v7-m/nofp/libg_nano.a(libc_a-memset.o)
 .debug_rnglists
                0x000002d8       0x13 /opt/ST/STM32CubeCLT_1.18.0/GNU-tools-for-STM32/bin/../lib/gcc/arm-none-eabi/13.3.1/../../../../arm-none-eabi/lib/thumb/v7-m/nofp/libg_nano.a(libc_a-init.o)

.debug_macro    0x00000000    0x15958
 .debug_macro   0x00000000      0x184 cmake/stm32cubemx/CMakeFiles/STM32_Drivers.dir/__/__/Src/system_stm32f1xx.c.obj
 .debug_macro   0x00000184      0xacc cmake/stm32cubemx/CMakeFiles/STM32_Drivers.dir/__/__/Src/system_stm32f1xx.c.obj
 .debug_macro   0x00000c50       0x2e cmake/stm32cubemx/CMakeFiles/STM32_Drivers.dir/__/__/Src/system_stm32f1xx.c.obj
 .debug_macro   0x00000c7e       0x22 cmake/stm32cubemx/CMakeFiles/STM32_Drivers.dir/__/__/Src/system_stm32f1xx.c.obj
 .debug_macro   0x00000ca0       0x22 cmake/stm32cubemx/CMakeFiles/STM32_Drivers.dir/__/__/Src/system_stm32f1xx.c.obj
 .debug_macro   0x00000cc2       0x8e cmake/stm32cubemx/CMakeFiles/STM32_Drivers.dir/__/__/Src/system_stm32f1xx.c.obj
 .debug_macro   0x00000d50       0x51 cmake/stm32cubemx/CMakeFiles/STM32_Drivers.dir/__/__/Src/system_stm32f1xx.c.obj
 .debug_macro   0x00000da1      0x103 cmake/stm32cubemx/CMakeFiles/STM32_Drivers.dir/__/__/Src/system_stm32f1xx.c.obj
 .debug_macro   0x00000ea4       0x6a cmake/stm32cubemx/CMakeFiles/STM32_Drivers.dir/__/__/Src/system_stm32f1xx.c.obj
 .debug_macro   0x00000f0e      0x1df cmake/stm32cubemx/CMakeFiles/STM32_Drivers.dir/__/__/Src/system_stm32f1xx.c.obj
 .debug_macro   0x000010ed       0x1c cmake/stm32cubemx/CMakeFiles/STM32_Drivers.dir/__/__/Src/system_stm32f1xx.c.obj
 .debug_macro   0x00001109       0x22 cmake/stm32cubemx/CMakeFiles/STM32_Drivers.dir/__/__/Src/system_stm32f1xx.c.obj
 .debug_macro   0x0000112b       0xbd cmake/stm32cubemx/CMakeFiles/STM32_Drivers.dir/__/__/Src/system_stm32f1xx.c.obj
 .debug_macro   0x000011e8      0xd23 cmake/stm32cubemx/CMakeFiles/STM32_Drivers.dir/__/__/Src/system_stm32f1xx.c.obj
 .debug_macro   0x00001f0b     0xe09e cmake/stm32cubemx/CMakeFiles/STM32_Drivers.dir/__/__/Src/system_stm32f1xx.c.obj
 .debug_macro   0x0000ffa9       0x6d cmake/stm32cubemx/CMakeFiles/STM32_Drivers.dir/__/__/Src/system_stm32f1xx.c.obj
 .debug_macro   0x00010016      0x20f cmake/stm32cubemx/CMakeFiles/STM32_Drivers.dir/__/__/Src/system_stm32f1xx.c.obj
 .debug_macro   0x00010225     0x34a2 cmake/stm32cubemx/CMakeFiles/STM32_Drivers.dir/__/__/Src/system_stm32f1xx.c.obj
 .debug_macro   0x000136c7      0x190 cmake/stm32cubemx/CMakeFiles/STM32_Drivers.dir/__/__/Src/system_stm32f1xx.c.obj
 .debug_macro   0x00013857       0x5c cmake/stm32cubemx/CMakeFiles/STM32_Drivers.dir/__/__/Src/system_stm32f1xx.c.obj
 .debug_macro   0x000138b3      0x5bc cmake/stm32cubemx/CMakeFiles/STM32_Drivers.dir/__/__/Src/system_stm32f1xx.c.obj
 .debug_macro   0x00013e6f      0x289 cmake/stm32cubemx/CMakeFiles/STM32_Drivers.dir/__/__/Src/system_stm32f1xx.c.obj
 .debug_macro   0x000140f8      0x1cb cmake/stm32cubemx/CMakeFiles/STM32_Drivers.dir/__/__/Src/system_stm32f1xx.c.obj
 .debug_macro   0x000142c3      0x114 cmake/stm32cubemx/CMakeFiles/STM32_Drivers.dir/__/__/Src/system_stm32f1xx.c.obj
 .debug_macro   0x000143d7      0x1b2 cmake/stm32cubemx/CMakeFiles/STM32_Drivers.dir/__/__/Src/system_stm32f1xx.c.obj
 .debug_macro   0x00014589       0x27 cmake/stm32cubemx/CMakeFiles/STM32_Drivers.dir/__/__/Src/system_stm32f1xx.c.obj
 .debug_macro   0x000145b0      0x136 cmake/stm32cubemx/CMakeFiles/STM32_Drivers.dir/__/__/Src/system_stm32f1xx.c.obj
 .debug_macro   0x000146e6      0x1bc cmake/stm32cubemx/CMakeFiles/STM32_Drivers.dir/__/__/Src/system_stm32f1xx.c.obj
 .debug_macro   0x000148a2       0x34 cmake/stm32cubemx/CMakeFiles/STM32_Drivers.dir/__/__/Src/system_stm32f1xx.c.obj
 .debug_macro   0x000148d6       0x3c cmake/stm32cubemx/CMakeFiles/STM32_Drivers.dir/__/__/Src/system_stm32f1xx.c.obj
 .debug_macro   0x00014912       0x57 cmake/stm32cubemx/CMakeFiles/STM32_Drivers.dir/__/__/Src/system_stm32f1xx.c.obj
 .debug_macro   0x00014969       0x87 cmake/stm32cubemx/CMakeFiles/STM32_Drivers.dir/__/__/Src/system_stm32f1xx.c.obj
 .debug_macro   0x000149f0      0x240 cmake/stm32cubemx/CMakeFiles/STM32_Drivers.dir/__/__/Src/system_stm32f1xx.c.obj
 .debug_macro   0x00014c30      0x140 cmake/stm32cubemx/CMakeFiles/STM32_Drivers.dir/__/__/Src/system_stm32f1xx.c.obj
 .debug_macro   0x00014d70       0x83 cmake/stm32cubemx/CMakeFiles/STM32_Drivers.dir/__/__/Src/system_stm32f1xx.c.obj
 .debug_macro   0x00014df3      0x1a8 cmake/stm32cubemx/CMakeFiles/STM32_Drivers.dir/__/__/Drivers/STM32F1xx_HAL_Driver/Src/stm32f1xx_hal.c.obj
 .debug_macro   0x00014f9b      0x196 cmake/stm32cubemx/CMakeFiles/STM32_Drivers.dir/__/__/Drivers/STM32F1xx_HAL_Driver/Src/stm32f1xx_hal_rcc.c.obj
 .debug_macro   0x00015131      0x1ef cmake/stm32cubemx/CMakeFiles/STM32_Drivers.dir/__/__/Drivers/STM32F1xx_HAL_Driver/Src/stm32f1xx_hal_gpio.c.obj
 .debug_macro   0x00015320      0x184 cmake/stm32cubemx/CMakeFiles/STM32_Drivers.dir/__/__/Drivers/STM32F1xx_HAL_Driver/Src/stm32f1xx_hal_cortex.c.obj
 .debug_macro   0x000154a4      0x18e CMakeFiles/stm32f103xx-interrupt-button-led.dir/Src/main.c.obj
 .debug_macro   0x00015632      0x198 CMakeFiles/stm32f103xx-interrupt-button-led.dir/Src/stm32f1xx_it.c.obj
 .debug_macro   0x000157ca      0x18e CMakeFiles/stm32f103xx-interrupt-button-led.dir/Src/stm32f1xx_hal_msp.c.obj

.debug_line     0x00000000     0x4af0
 .debug_line    0x00000000      0x6f7 cmake/stm32cubemx/CMakeFiles/STM32_Drivers.dir/__/__/Src/system_stm32f1xx.c.obj
 .debug_line    0x000006f7      0x92d cmake/stm32cubemx/CMakeFiles/STM32_Drivers.dir/__/__/Drivers/STM32F1xx_HAL_Driver/Src/stm32f1xx_hal.c.obj
 .debug_line    0x00001024      0xde6 cmake/stm32cubemx/CMakeFiles/STM32_Drivers.dir/__/__/Drivers/STM32F1xx_HAL_Driver/Src/stm32f1xx_hal_rcc.c.obj
 .debug_line    0x00001e0a      0x98a cmake/stm32cubemx/CMakeFiles/STM32_Drivers.dir/__/__/Drivers/STM32F1xx_HAL_Driver/Src/stm32f1xx_hal_gpio.c.obj
 .debug_line    0x00002794      0xaf7 cmake/stm32cubemx/CMakeFiles/STM32_Drivers.dir/__/__/Drivers/STM32F1xx_HAL_Driver/Src/stm32f1xx_hal_cortex.c.obj
 .debug_line    0x0000328b      0x74c CMakeFiles/stm32f103xx-interrupt-button-led.dir/Src/main.c.obj
 .debug_line    0x000039d7      0x745 CMakeFiles/stm32f103xx-interrupt-button-led.dir/Src/stm32f1xx_it.c.obj
 .debug_line    0x0000411c      0x679 CMakeFiles/stm32f103xx-interrupt-button-led.dir/Src/stm32f1xx_hal_msp.c.obj
 .debug_line    0x00004795       0x78 CMakeFiles/stm32f103xx-interrupt-button-led.dir/startup_stm32f103xb.s.obj
 .debug_line    0x0000480d      0x17e /opt/ST/STM32CubeCLT_1.18.0/GNU-tools-for-STM32/bin/../lib/gcc/arm-none-eabi/13.3.1/../../../../arm-none-eabi/lib/thumb/v7-m/nofp/libg_nano.a(libc_a-memset.o)
 .debug_line    0x0000498b      0x165 /opt/ST/STM32CubeCLT_1.18.0/GNU-tools-for-STM32/bin/../lib/gcc/arm-none-eabi/13.3.1/../../../../arm-none-eabi/lib/thumb/v7-m/nofp/libg_nano.a(libc_a-init.o)

.debug_str      0x00000000    0x7c0f0
 .debug_str     0x00000000    0x7c0f0 cmake/stm32cubemx/CMakeFiles/STM32_Drivers.dir/__/__/Src/system_stm32f1xx.c.obj
                              0x7ae34 (size before relaxing)
 .debug_str     0x0007c0f0    0x7b56c cmake/stm32cubemx/CMakeFiles/STM32_Drivers.dir/__/__/Drivers/STM32F1xx_HAL_Driver/Src/stm32f1xx_hal.c.obj
 .debug_str     0x0007c0f0    0x7b268 cmake/stm32cubemx/CMakeFiles/STM32_Drivers.dir/__/__/Drivers/STM32F1xx_HAL_Driver/Src/stm32f1xx_hal_rcc.c.obj
 .debug_str     0x0007c0f0    0x7b1bf cmake/stm32cubemx/CMakeFiles/STM32_Drivers.dir/__/__/Drivers/STM32F1xx_HAL_Driver/Src/stm32f1xx_hal_gpio.c.obj
 .debug_str     0x0007c0f0    0x7b4b8 cmake/stm32cubemx/CMakeFiles/STM32_Drivers.dir/__/__/Drivers/STM32F1xx_HAL_Driver/Src/stm32f1xx_hal_cortex.c.obj
 .debug_str     0x0007c0f0    0x7b360 CMakeFiles/stm32f103xx-interrupt-button-led.dir/Src/main.c.obj
 .debug_str     0x0007c0f0    0x7ae5c CMakeFiles/stm32f103xx-interrupt-button-led.dir/Src/stm32f1xx_it.c.obj
 .debug_str     0x0007c0f0    0x7ae09 CMakeFiles/stm32f103xx-interrupt-button-led.dir/Src/stm32f1xx_hal_msp.c.obj
 .debug_str     0x0007c0f0       0xc2 CMakeFiles/stm32f103xx-interrupt-button-led.dir/startup_stm32f103xb.s.obj
 .debug_str     0x0007c0f0      0x209 /opt/ST/STM32CubeCLT_1.18.0/GNU-tools-for-STM32/bin/../lib/gcc/arm-none-eabi/13.3.1/../../../../arm-none-eabi/lib/thumb/v7-m/nofp/libg_nano.a(libc_a-memset.o)
 .debug_str     0x0007c0f0      0x26a /opt/ST/STM32CubeCLT_1.18.0/GNU-tools-for-STM32/bin/../lib/gcc/arm-none-eabi/13.3.1/../../../../arm-none-eabi/lib/thumb/v7-m/nofp/libg_nano.a(libc_a-init.o)

.debug_frame    0x00000000      0xd6c
 .debug_frame   0x00000000       0x58 cmake/stm32cubemx/CMakeFiles/STM32_Drivers.dir/__/__/Src/system_stm32f1xx.c.obj
 .debug_frame   0x00000058      0x334 cmake/stm32cubemx/CMakeFiles/STM32_Drivers.dir/__/__/Drivers/STM32F1xx_HAL_Driver/Src/stm32f1xx_hal.c.obj
 .debug_frame   0x0000038c      0x218 cmake/stm32cubemx/CMakeFiles/STM32_Drivers.dir/__/__/Drivers/STM32F1xx_HAL_Driver/Src/stm32f1xx_hal_rcc.c.obj
 .debug_frame   0x000005a4      0x14c cmake/stm32cubemx/CMakeFiles/STM32_Drivers.dir/__/__/Drivers/STM32F1xx_HAL_Driver/Src/stm32f1xx_hal_gpio.c.obj
 .debug_frame   0x000006f0      0x428 cmake/stm32cubemx/CMakeFiles/STM32_Drivers.dir/__/__/Drivers/STM32F1xx_HAL_Driver/Src/stm32f1xx_hal_cortex.c.obj
 .debug_frame   0x00000b18       0xb0 CMakeFiles/stm32f103xx-interrupt-button-led.dir/Src/main.c.obj
 .debug_frame   0x00000bc8      0x120 CMakeFiles/stm32f103xx-interrupt-button-led.dir/Src/stm32f1xx_it.c.obj
 .debug_frame   0x00000ce8       0x38 CMakeFiles/stm32f103xx-interrupt-button-led.dir/Src/stm32f1xx_hal_msp.c.obj
 .debug_frame   0x00000d20       0x20 /opt/ST/STM32CubeCLT_1.18.0/GNU-tools-for-STM32/bin/../lib/gcc/arm-none-eabi/13.3.1/../../../../arm-none-eabi/lib/thumb/v7-m/nofp/libg_nano.a(libc_a-memset.o)
 .debug_frame   0x00000d40       0x2c /opt/ST/STM32CubeCLT_1.18.0/GNU-tools-for-STM32/bin/../lib/gcc/arm-none-eabi/13.3.1/../../../../arm-none-eabi/lib/thumb/v7-m/nofp/libg_nano.a(libc_a-init.o)

.debug_line_str
                0x00000000       0xa6
 .debug_line_str
                0x00000000       0xa6 CMakeFiles/stm32f103xx-interrupt-button-led.dir/startup_stm32f103xb.s.obj

.debug_loclists
                0x00000000       0x6f
 .debug_loclists
                0x00000000       0x3b /opt/ST/STM32CubeCLT_1.18.0/GNU-tools-for-STM32/bin/../lib/gcc/arm-none-eabi/13.3.1/../../../../arm-none-eabi/lib/thumb/v7-m/nofp/libg_nano.a(libc_a-memset.o)
 .debug_loclists
                0x0000003b       0x34 /opt/ST/STM32CubeCLT_1.18.0/GNU-tools-for-STM32/bin/../lib/gcc/arm-none-eabi/13.3.1/../../../../arm-none-eabi/lib/thumb/v7-m/nofp/libg_nano.a(libc_a-init.o)
